LTspice 26.0.2 for Windows
Circuit: ltspice\xor\hybrid-a\EXP-XOR-HYBRID_A-T85.cir
Start Time: Sun Aug  9 16:42:44 2026
solver = Normal
Maximum thread count: 4
tnom = 27
temp = 85
method = trap
Direct Newton iteration succeeded in finding operating point.
Total elapsed time: 2.929 seconds.

Files loaded:
ltspice\xor\hybrid-a\EXP-XOR-HYBRID_A-T85.cir
models\65nm_bulk.pm
ltspice\circuits.lib

pavg: AVG((-V(VDD)*I(VSUP)) )=2.21004676286e-06 FROM 2.4e-08 TO 9.6e-08
tplh=9.00685473279e-11 FROM 1.80099999996e-08 TO 1.81000685469e-08
tphl=7.17601702996e-11 FROM 2.20300000004e-08 TO 2.21017601707e-08
trise=1.76753791841e-10 FROM 1.80400840349e-08 TO 1.82168378267e-08
tfall=1.03307927282e-10 FROM 2.20603582721e-08 TO 2.21636661994e-08
voh: MAX(V(Y) )=1.20608639717 FROM 2.4e-08 TO 9.6e-08
vol: MIN(V(Y) )=-0.0039304336533 FROM 2.4e-08 TO 9.6e-08
