LTspice 26.0.2 for Windows
Circuit: ltspice\xor\hybrid-a\EXP-XOR-HYBRID_A-TM20.cir
Start Time: Sun Aug  9 16:42:40 2026
solver = Normal
Maximum thread count: 4
tnom = 27
temp = -20
method = trap
Direct Newton iteration succeeded in finding operating point.
Total elapsed time: 2.506 seconds.

Files loaded:
ltspice\xor\hybrid-a\EXP-XOR-HYBRID_A-TM20.cir
models\65nm_bulk.pm
ltspice\circuits.lib

pavg: AVG((-V(VDD)*I(VSUP)) )=2.12046111493e-06 FROM 2.4e-08 TO 9.6e-08
tplh=4.54799870328e-11 FROM 1.80099999996e-08 TO 1.80554799866e-08
tphl=5.32675554716e-11 FROM 2.20300000004e-08 TO 2.20832675559e-08
trise=7.03209707167e-11 FROM 1.8028328585e-08 TO 1.80986495557e-08
tfall=7.59294970553e-11 FROM 2.20502924798e-08 TO 2.21262219769e-08
voh: MAX(V(Y) )=1.20607697964 FROM 2.4e-08 TO 9.6e-08
vol: MIN(V(Y) )=-0.00335723930039 FROM 2.4e-08 TO 9.6e-08
