LTspice 26.0.2 for Windows
Circuit: ltspice\xor\hybrid-a\EXP-XOR-HYBRID_A-VDD08.cir
Start Time: Sun Aug  9 16:42:33 2026
solver = Normal
Maximum thread count: 4
tnom = 27
temp = 27
method = trap
Direct Newton iteration succeeded in finding operating point.
Total elapsed time: 2.505 seconds.

Files loaded:
ltspice\xor\hybrid-a\EXP-XOR-HYBRID_A-VDD08.cir
models\65nm_bulk.pm
ltspice\circuits.lib

pavg: AVG((-V(VDD)*I(VSUP)) )=9.24161017693e-07 FROM 2.4e-08 TO 9.6e-08
tplh=1.00576362852e-10 FROM 1.80099999998e-08 TO 1.81105763627e-08
tphl=8.74373400699e-11 FROM 2.20300000001e-08 TO 2.21174373402e-08
trise=1.72556050334e-10 FROM 1.80479379599e-08 TO 1.82204940102e-08
tfall=1.1653835799e-10 FROM 2.20678680845e-08 TO 2.21844064425e-08
voh: MAX(V(Y) )=0.806504070759 FROM 2.4e-08 TO 9.6e-08
vol: MIN(V(Y) )=-0.00455647706985 FROM 2.4e-08 TO 9.6e-08
