LTspice 26.0.2 for Windows
Circuit: ltspice\xor\hybrid-a\EXP-XOR-HYBRID_A-F025.cir
Start Time: Sun Aug  9 16:43:00 2026
solver = Normal
Maximum thread count: 4
tnom = 27
temp = 27
method = trap
Direct Newton iteration succeeded in finding operating point.
Total elapsed time: 14.839 seconds.

Files loaded:
ltspice\xor\hybrid-a\EXP-XOR-HYBRID_A-F025.cir
models\65nm_bulk.pm
ltspice\circuits.lib

pavg: AVG((-V(VDD)*I(VSUP)) )=4.72733108908e-07 FROM 1.2e-07 TO 4.8e-07
tplh=6.20795899612e-11 FROM 9.00099999996e-08 TO 9.00720795896e-08
tphl=6.00194261006e-11 FROM 1.1003e-07 TO 1.10090019426e-07
trise=1.09951563338e-10 FROM 9.00328197042e-08 TO 9.01427712675e-08
tfall=8.53386094579e-11 FROM 1.10054253292e-07 TO 1.10139591901e-07
voh: MAX(V(Y) )=1.20612418652 FROM 1.2e-07 TO 4.8e-07
vol: MIN(V(Y) )=-0.0036392826587 FROM 1.2e-07 TO 4.8e-07
