LTspice 26.0.2 for Windows
Circuit: ltspice\xor\hybrid-a\EXP-XOR-HYBRID_A-VDD10.cir
Start Time: Sun Aug  9 16:42:37 2026
solver = Normal
Maximum thread count: 4
tnom = 27
temp = 27
method = trap
Direct Newton iteration succeeded in finding operating point.
Total elapsed time: 2.845 seconds.

Files loaded:
ltspice\xor\hybrid-a\EXP-XOR-HYBRID_A-VDD10.cir
models\65nm_bulk.pm
ltspice\circuits.lib

pavg: AVG((-V(VDD)*I(VSUP)) )=1.46066044777e-06 FROM 2.4e-08 TO 9.6e-08
tplh=7.46904746744e-11 FROM 1.801e-08 TO 1.80846904747e-08
tphl=6.89757654479e-11 FROM 2.203e-08 TO 2.20989757654e-08
trise=1.30426182811e-10 FROM 1.80378085232e-08 TO 1.8168234706e-08
tfall=9.51835000023e-11 FROM 2.20587890615e-08 TO 2.21539725615e-08
voh: MAX(V(Y) )=1.00663852692 FROM 2.4e-08 TO 9.6e-08
vol: MIN(V(Y) )=-0.00429061474279 FROM 2.4e-08 TO 9.6e-08
