LTspice 26.0.2 for Windows
Circuit: ltspice\xor\hybrid-a\EXP-XOR-HYBRID_A-VDD06.cir
Start Time: Sun Aug  9 16:42:30 2026
solver = Normal
Maximum thread count: 4
tnom = 27
temp = 27
method = trap
Direct Newton iteration succeeded in finding operating point.
Total elapsed time: 2.552 seconds.

Files loaded:
ltspice\xor\hybrid-a\EXP-XOR-HYBRID_A-VDD06.cir
models\65nm_bulk.pm
ltspice\circuits.lib

pavg: AVG((-V(VDD)*I(VSUP)) )=5.17359562673e-07 FROM 2.4e-08 TO 9.6e-08
tplh=1.79289030916e-10 FROM 1.80099999996e-08 TO 1.81892890305e-08
tphl=1.46210116069e-10 FROM 2.20300000004e-08 TO 2.21762101165e-08
trise=3.00803722897e-10 FROM 1.80786398927e-08 TO 1.83794436156e-08
tfall=1.90123544979e-10 FROM 2.20955120193e-08 TO 2.22856355643e-08
voh: MAX(V(Y) )=0.605453193188 FROM 2.4e-08 TO 9.6e-08
vol: MIN(V(Y) )=-0.00421891501173 FROM 2.4e-08 TO 9.6e-08
