LTspice 26.0.2 for Windows
Circuit: ltspice\xor\hybrid-a\EXP-XOR-HYBRID_A-L05.cir
Start Time: Sun Aug  9 16:42:51 2026
solver = Normal
Maximum thread count: 4
tnom = 27
temp = 27
method = trap
Direct Newton iteration succeeded in finding operating point.
Total elapsed time: 2.687 seconds.

Files loaded:
ltspice\xor\hybrid-a\EXP-XOR-HYBRID_A-L05.cir
models\65nm_bulk.pm
ltspice\circuits.lib

pavg: AVG((-V(VDD)*I(VSUP)) )=1.24417671569e-06 FROM 2.4e-08 TO 9.6e-08
tplh=3.89063434536e-11 FROM 1.80099999996e-08 TO 1.80489063431e-08
tphl=3.87184315226e-11 FROM 2.20300000004e-08 TO 2.20687184319e-08
trise=5.69915169945e-11 FROM 1.80284861253e-08 TO 1.80854776423e-08
tfall=4.43781789112e-11 FROM 2.20499272026e-08 TO 2.20943053815e-08
voh: MAX(V(Y) )=1.21113634109 FROM 2.4e-08 TO 9.6e-08
vol: MIN(V(Y) )=-0.00633575813845 FROM 2.4e-08 TO 9.6e-08
