LTspice 26.0.2 for Windows
Circuit: ltspice\xor\hybrid-a\EXP-XOR-HYBRID_A-F200.cir
Start Time: Sun Aug  9 16:43:16 2026
solver = Normal
Maximum thread count: 4
tnom = 27
temp = 27
method = trap
Direct Newton iteration succeeded in finding operating point.
Total elapsed time: 2.643 seconds.

Files loaded:
ltspice\xor\hybrid-a\EXP-XOR-HYBRID_A-F200.cir
models\65nm_bulk.pm
ltspice\circuits.lib

pavg: AVG((-V(VDD)*I(VSUP)) )=3.40026566629e-06 FROM 1.5e-08 TO 6e-08
tplh=6.20795899612e-11 FROM 1.12599999996e-08 TO 1.13220795896e-08
tphl=6.00194261006e-11 FROM 1.37800000004e-08 TO 1.38400194265e-08
trise=1.09951563919e-10 FROM 1.12828197036e-08 TO 1.13927712675e-08
tfall=8.53386083041e-11 FROM 1.3804253292e-08 TO 1.38895919003e-08
voh: MAX(V(Y) )=1.20612418652 FROM 1.5e-08 TO 6e-08
vol: MIN(V(Y) )=-0.00363928871229 FROM 1.5e-08 TO 6e-08
