LTspice 26.0.2 for Windows
Circuit: ltspice\xor\fsgdi\EXP-XOR-FSGDI-NOM.cir
Start Time: Sun Aug  9 16:41:44 2026
solver = Normal
Maximum thread count: 4
tnom = 27
temp = 27
method = trap
Direct Newton iteration succeeded in finding operating point.
Total elapsed time: 2.587 seconds.

Files loaded:
ltspice\xor\fsgdi\EXP-XOR-FSGDI-NOM.cir
models\65nm_bulk.pm
ltspice\circuits.lib

pavg: AVG((-V(VDD)*I(VSUP)) )=2.43832158228e-07 FROM 2.4e-08 TO 9.6e-08
tplh=2.83928883341e-11 FROM 1.80099999996e-08 TO 1.80383928879e-08
tphl=2.5950230691e-11 FROM 2.20300000004e-08 TO 2.20559502311e-08
trise=9.77730027024e-11 FROM 1.80118897979e-08 TO 1.81096628006e-08
tfall=7.31428854458e-11 FROM 2.20328937409e-08 TO 2.21060366263e-08
voh: MAX(V(Y) )=1.19994497299 FROM 2.4e-08 TO 9.6e-08
vol: MIN(V(Y) )=2.2123389499e-05 FROM 2.4e-08 TO 9.6e-08
