LTspice 26.0.2 for Windows
Circuit: ltspice\xor\fsgdi\EXP-XOR-FSGDI-VDD06.cir
Start Time: Sun Aug  9 16:41:48 2026
solver = Normal
Maximum thread count: 4
tnom = 27
temp = 27
method = trap
Direct Newton iteration succeeded in finding operating point.
Total elapsed time: 2.213 seconds.

Files loaded:
ltspice\xor\fsgdi\EXP-XOR-FSGDI-VDD06.cir
models\65nm_bulk.pm
ltspice\circuits.lib

pavg: AVG((-V(VDD)*I(VSUP)) )=3.72859953227e-08 FROM 2.4e-08 TO 9.6e-08
tplh=9.94838356554e-11 FROM 1.80099999996e-08 TO 1.81094838353e-08
tphl=7.76532618752e-11 FROM 2.20300000004e-08 TO 2.21076532623e-08
trise=2.85165343254e-10 FROM 1.80194888253e-08 TO 1.83046541686e-08
tfall=1.78608888422e-10 FROM 2.20412079227e-08 TO 2.22198168111e-08
voh: MAX(V(Y) )=0.599986732006 FROM 2.4e-08 TO 9.6e-08
vol: MIN(V(Y) )=5.25869972989e-06 FROM 2.4e-08 TO 9.6e-08
