LTspice 26.0.2 for Windows
Circuit: ltspice\xor\fsgdi\EXP-XOR-FSGDI-L20.cir
Start Time: Sun Aug  9 16:42:11 2026
solver = Normal
Maximum thread count: 4
tnom = 27
temp = 27
method = trap
Direct Newton iteration succeeded in finding operating point.
Total elapsed time: 2.858 seconds.

Files loaded:
ltspice\xor\fsgdi\EXP-XOR-FSGDI-L20.cir
models\65nm_bulk.pm
ltspice\circuits.lib

pavg: AVG((-V(VDD)*I(VSUP)) )=5.237935357e-07 FROM 2.4e-08 TO 9.6e-08
tplh=5.55562527263e-11 FROM 1.80099999996e-08 TO 1.80655562523e-08
tphl=4.82498597441e-11 FROM 2.20300000004e-08 TO 2.20782498601e-08
trise=1.86906095132e-10 FROM 1.8016759545e-08 TO 1.82036656402e-08
tfall=1.38207371705e-10 FROM 2.20370249917e-08 TO 2.21752323634e-08
voh: MAX(V(Y) )=1.19994473457 FROM 2.4e-08 TO 9.6e-08
vol: MIN(V(Y) )=2.22170256166e-05 FROM 2.4e-08 TO 9.6e-08
