LTspice 26.0.2 for Windows
Circuit: ltspice\xor\fsgdi\EXP-XOR-FSGDI-L05.cir
Start Time: Sun Aug  9 16:42:09 2026
solver = Normal
Maximum thread count: 4
tnom = 27
temp = 27
method = trap
Direct Newton iteration succeeded in finding operating point.
Total elapsed time: 2.051 seconds.

Files loaded:
ltspice\xor\fsgdi\EXP-XOR-FSGDI-L05.cir
models\65nm_bulk.pm
ltspice\circuits.lib

pavg: AVG((-V(VDD)*I(VSUP)) )=1.04598818829e-07 FROM 2.4e-08 TO 9.6e-08
tplh=1.53145140061e-11 FROM 1.80099999996e-08 TO 1.80253145136e-08
tphl=1.51303484281e-11 FROM 2.20300000004e-08 TO 2.20451303488e-08
trise=5.47445059172e-11 FROM 1.80084019359e-08 TO 1.80631464419e-08
tfall=4.1946848948e-11 FROM 2.20298222719e-08 TO 2.20717691209e-08
voh: MAX(V(Y) )=1.19994521141 FROM 2.4e-08 TO 9.6e-08
vol: MIN(V(Y) )=2.19527737499e-05 FROM 2.4e-08 TO 9.6e-08
