LTspice 26.0.2 for Windows
Circuit: ltspice\xor\fsgdi\EXP-XOR-FSGDI-F200.cir
Start Time: Sun Aug  9 16:42:24 2026
solver = Normal
Maximum thread count: 4
tnom = 27
temp = 27
method = trap
Direct Newton iteration succeeded in finding operating point.
Total elapsed time: 1.313 seconds.

Files loaded:
ltspice\xor\fsgdi\EXP-XOR-FSGDI-F200.cir
models\65nm_bulk.pm
ltspice\circuits.lib

pavg: AVG((-V(VDD)*I(VSUP)) )=3.77871951107e-07 FROM 1.5e-08 TO 6e-08
tplh=2.83928912374e-11 FROM 1.12599999996e-08 TO 1.12883928908e-08
tphl=2.59502382162e-11 FROM 1.37800000004e-08 TO 1.38059502386e-08
trise=9.77730378442e-11 FROM 1.12618897948e-08 TO 1.13596628326e-08
tfall=7.31428731405e-11 FROM 1.37828937409e-08 TO 1.3856036614e-08
voh: MAX(V(Y) )=1.19994497299 FROM 1.5e-08 TO 6e-08
vol: MIN(V(Y) )=2.20880883717e-05 FROM 1.5e-08 TO 6e-08
