LTspice 26.0.2 for Windows
Circuit: ltspice\xor\fsgdi\EXP-XOR-FSGDI-VDD08.cir
Start Time: Sun Aug  9 16:41:51 2026
solver = Normal
Maximum thread count: 4
tnom = 27
temp = 27
method = trap
Direct Newton iteration succeeded in finding operating point.
Total elapsed time: 2.510 seconds.

Files loaded:
ltspice\xor\fsgdi\EXP-XOR-FSGDI-VDD08.cir
models\65nm_bulk.pm
ltspice\circuits.lib

pavg: AVG((-V(VDD)*I(VSUP)) )=8.20018725225e-08 FROM 2.4e-08 TO 9.6e-08
tplh=5.12127513052e-11 FROM 1.80099999998e-08 TO 1.80612127512e-08
tphl=4.32098163829e-11 FROM 2.20300000001e-08 TO 2.20732098165e-08
trise=1.58851231739e-10 FROM 1.80149509512e-08 TO 1.81738021829e-08
tfall=1.05297582862e-10 FROM 2.203664795e-08 TO 2.21419455328e-08
voh: MAX(V(Y) )=0.799982428551 FROM 2.4e-08 TO 9.6e-08
vol: MIN(V(Y) )=7.05649290467e-06 FROM 2.4e-08 TO 9.6e-08
