LTspice 26.0.2 for Windows
Circuit: ltspice\xor\fsgdi\EXP-XOR-FSGDI-T85.cir
Start Time: Sun Aug  9 16:42:01 2026
solver = Normal
Maximum thread count: 4
tnom = 27
temp = 85
method = trap
Direct Newton iteration succeeded in finding operating point.
Total elapsed time: 3.232 seconds.

Files loaded:
ltspice\xor\fsgdi\EXP-XOR-FSGDI-T85.cir
models\65nm_bulk.pm
ltspice\circuits.lib

pavg: AVG((-V(VDD)*I(VSUP)) )=3.26034459581e-07 FROM 2.4e-08 TO 9.6e-08
tplh=4.09315151169e-11 FROM 1.80099999996e-08 TO 1.80509315147e-08
tphl=3.27208370935e-11 FROM 2.20300000004e-08 TO 2.20627208375e-08
trise=1.55039808015e-10 FROM 1.80130424326e-08 TO 1.81680822406e-08
tfall=9.04621207015e-11 FROM 2.20349409998e-08 TO 2.21254031205e-08
voh: MAX(V(Y) )=1.1998052597 FROM 2.4e-08 TO 9.6e-08
vol: MIN(V(Y) )=7.2169903433e-05 FROM 2.4e-08 TO 9.6e-08
