LTspice 26.0.2 for Windows
Circuit: ltspice\xor\fsgdi\EXP-XOR-FSGDI-TM20.cir
Start Time: Sun Aug  9 16:41:58 2026
solver = Normal
Maximum thread count: 4
tnom = 27
temp = -20
method = trap
Direct Newton iteration succeeded in finding operating point.
Total elapsed time: 2.254 seconds.

Files loaded:
ltspice\xor\fsgdi\EXP-XOR-FSGDI-TM20.cir
models\65nm_bulk.pm
ltspice\circuits.lib

pavg: AVG((-V(VDD)*I(VSUP)) )=1.89679664902e-07 FROM 2.4e-08 TO 9.6e-08
tplh=2.13675079375e-11 FROM 1.80099999996e-08 TO 1.80313675075e-08
tphl=2.12185347746e-11 FROM 2.20300000004e-08 TO 2.20512185352e-08
trise=6.38554896414e-11 FROM 1.80111024287e-08 TO 1.80749579184e-08
tfall=6.35220610084e-11 FROM 2.20309002042e-08 TO 2.20944222652e-08
voh: MAX(V(Y) )=1.19998633862 FROM 2.4e-08 TO 9.6e-08
vol: MIN(V(Y) )=7.35179355615e-06 FROM 2.4e-08 TO 9.6e-08
