LTspice 26.0.2 for Windows
Circuit: ltspice\xor\gdi\EXP-XOR-GDI-VDD08.cir
Start Time: Sun Aug  9 16:41:12 2026
solver = Normal
Maximum thread count: 4
tnom = 27
temp = 27
method = trap
Direct Newton iteration succeeded in finding operating point.
Total elapsed time: 2.355 seconds.

Files loaded:
ltspice\xor\gdi\EXP-XOR-GDI-VDD08.cir
models\65nm_bulk.pm
ltspice\circuits.lib

pavg: AVG((-V(VDD)*I(VSUP)) )=1.8661467699e-07 FROM 2.4e-08 TO 9.6e-08
tplh=3.18519085612e-10 FROM 1.80099999998e-08 TO 1.83285190855e-08
tphl=3.11767601241e-10 FROM 2.20300000001e-08 TO 2.23417676014e-08
Measurement "trise" FAIL'ed
Measurement "tfall" FAIL'ed
voh: MAX(V(Y) )=0.493359863758 FROM 2.4e-08 TO 9.6e-08
vol: MIN(V(Y) )=0.30316773057 FROM 2.4e-08 TO 9.6e-08
