LTspice 26.0.2 for Windows
Circuit: ltspice\xor\gdi\EXP-XOR-GDI-L01.cir
Start Time: Sun Aug  9 16:41:25 2026
solver = Normal
Maximum thread count: 4
tnom = 27
temp = 27
method = trap
Direct Newton iteration succeeded in finding operating point.
Total elapsed time: 2.264 seconds.

Files loaded:
ltspice\xor\gdi\EXP-XOR-GDI-L01.cir
models\65nm_bulk.pm
ltspice\circuits.lib

pavg: AVG((-V(VDD)*I(VSUP)) )=1.07439229106e-07 FROM 2.4e-08 TO 9.6e-08
tplh=1.49019014479e-11 FROM 1.80099999996e-08 TO 1.8024901901e-08
tphl=1.53382204282e-11 FROM 2.20300000004e-08 TO 2.20453382208e-08
Measurement "trise" FAIL'ed
Measurement "tfall" FAIL'ed
voh: MAX(V(Y) )=0.903136372566 FROM 2.4e-08 TO 9.6e-08
vol: MIN(V(Y) )=0.282909274101 FROM 2.4e-08 TO 9.6e-08
