LTspice 26.0.2 for Windows
Circuit: ltspice\xor\gdi\EXP-XOR-GDI-F200.cir
Start Time: Sun Aug  9 16:41:42 2026
solver = Normal
Maximum thread count: 4
tnom = 27
temp = 27
method = trap
Direct Newton iteration succeeded in finding operating point.
Total elapsed time: 1.127 seconds.

Files loaded:
ltspice\xor\gdi\EXP-XOR-GDI-F200.cir
models\65nm_bulk.pm
ltspice\circuits.lib

pavg: AVG((-V(VDD)*I(VSUP)) )=1.08462399057e-06 FROM 1.5e-08 TO 6e-08
tplh=7.7315656973e-11 FROM 1.12599999996e-08 TO 1.13373156566e-08
tphl=8.31210338021e-11 FROM 1.37800000004e-08 TO 1.38631210342e-08
Measurement "trise" FAIL'ed
Measurement "tfall" FAIL'ed
voh: MAX(V(Y) )=0.820005834103 FROM 1.5e-08 TO 6e-08
vol: MIN(V(Y) )=0.369371533394 FROM 1.5e-08 TO 6e-08
