LTspice 26.0.2 for Windows
Circuit: ltspice\xor\gdi\EXP-XOR-GDI-NOM.cir
Start Time: Sun Aug  9 16:41:06 2026
solver = Normal
Maximum thread count: 4
tnom = 27
temp = 27
method = trap
Direct Newton iteration succeeded in finding operating point.
Total elapsed time: 2.242 seconds.

Files loaded:
ltspice\xor\gdi\EXP-XOR-GDI-NOM.cir
models\65nm_bulk.pm
ltspice\circuits.lib

pavg: AVG((-V(VDD)*I(VSUP)) )=7.36205223341e-07 FROM 2.4e-08 TO 9.6e-08
tplh=8.03033167187e-11 FROM 1.80099999996e-08 TO 1.80903033163e-08
tphl=8.63281953212e-11 FROM 2.20300000004e-08 TO 2.21163281957e-08
Measurement "trise" FAIL'ed
Measurement "tfall" FAIL'ed
voh: MAX(V(Y) )=0.836819887161 FROM 2.4e-08 TO 9.6e-08
vol: MIN(V(Y) )=0.351533472538 FROM 2.4e-08 TO 9.6e-08
