LTspice 26.0.2 for Windows
Circuit: ltspice\xor\gdi\EXP-XOR-GDI-L20.cir
Start Time: Sun Aug  9 16:41:32 2026
solver = Normal
Maximum thread count: 4
tnom = 27
temp = 27
method = trap
Direct Newton iteration succeeded in finding operating point.
Total elapsed time: 1.910 seconds.

Files loaded:
ltspice\xor\gdi\EXP-XOR-GDI-L20.cir
models\65nm_bulk.pm
ltspice\circuits.lib

pavg: AVG((-V(VDD)*I(VSUP)) )=1.31043868454e-06 FROM 2.4e-08 TO 9.6e-08
tplh=1.46106624161e-10 FROM 1.80099999996e-08 TO 1.81561066238e-08
tphl=1.57549927538e-10 FROM 2.20300000004e-08 TO 2.21875499279e-08
Measurement "trise" FAIL'ed
Measurement "tfall" FAIL'ed
voh: MAX(V(Y) )=0.812153637409 FROM 2.4e-08 TO 9.6e-08
vol: MIN(V(Y) )=0.377332806587 FROM 2.4e-08 TO 9.6e-08
