LTspice 26.0.2 for Windows
Circuit: ltspice\xor\gdi\EXP-XOR-GDI-VDD10.cir
Start Time: Sun Aug  9 16:41:16 2026
solver = Normal
Maximum thread count: 4
tnom = 27
temp = 27
method = trap
Direct Newton iteration succeeded in finding operating point.
Total elapsed time: 2.689 seconds.

Files loaded:
ltspice\xor\gdi\EXP-XOR-GDI-VDD10.cir
models\65nm_bulk.pm
ltspice\circuits.lib

pavg: AVG((-V(VDD)*I(VSUP)) )=4.19797711172e-07 FROM 2.4e-08 TO 9.6e-08
tplh=1.25782819325e-10 FROM 1.801e-08 TO 1.81357828193e-08
tphl=1.33374429347e-10 FROM 2.203e-08 TO 2.21633744293e-08
Measurement "trise" FAIL'ed
Measurement "tfall" FAIL'ed
voh: MAX(V(Y) )=0.664207458496 FROM 2.4e-08 TO 9.6e-08
vol: MIN(V(Y) )=0.328332126141 FROM 2.4e-08 TO 9.6e-08
