LTspice 26.0.2 for Windows
Circuit: ltspice\xor\cmos\EXP-XOR-CMOS-TM20.cir
Start Time: Sun Aug  9 16:40:29 2026
solver = Normal
Maximum thread count: 4
tnom = 27
temp = -20
method = trap
Direct Newton iteration succeeded in finding operating point.
Total elapsed time: 3.081 seconds.

Files loaded:
ltspice\xor\cmos\EXP-XOR-CMOS-TM20.cir
models\65nm_bulk.pm
ltspice\circuits.lib

pavg: AVG((-V(VDD)*I(VSUP)) )=2.17162019971e-06 FROM 2.4e-08 TO 9.6e-08
tplh=6.97835887978e-11 FROM 1.80099999996e-08 TO 1.80797835884e-08
tphl=7.08629988081e-11 FROM 2.20300000004e-08 TO 2.21008629992e-08
trise=1.36885513604e-10 FROM 1.80278777513e-08 TO 1.81647632649e-08
tfall=1.2930062429e-10 FROM 2.20466069756e-08 TO 2.21759075999e-08
voh: MAX(V(Y) )=1.19997525215 FROM 2.4e-08 TO 9.6e-08
vol: MIN(V(Y) )=4.81199131173e-05 FROM 2.4e-08 TO 9.6e-08
