LTspice 26.0.2 for Windows
Circuit: ltspice\xor\cmos\EXP-XOR-CMOS-L01.cir
Start Time: Sun Aug  9 16:40:37 2026
solver = Normal
Maximum thread count: 4
tnom = 27
temp = 27
method = trap
Direct Newton iteration succeeded in finding operating point.
Total elapsed time: 2.655 seconds.

Files loaded:
ltspice\xor\cmos\EXP-XOR-CMOS-L01.cir
models\65nm_bulk.pm
ltspice\circuits.lib

pavg: AVG((-V(VDD)*I(VSUP)) )=6.06796212243e-07 FROM 2.4e-08 TO 9.6e-08
tplh=2.45544034847e-11 FROM 1.80099999996e-08 TO 1.80345544031e-08
tphl=2.09905367871e-11 FROM 2.20300000004e-08 TO 2.20509905372e-08
trise=4.03606232211e-11 FROM 1.8019481147e-08 TO 1.80598417702e-08
tfall=3.08049347463e-11 FROM 2.20364947297e-08 TO 2.20672996644e-08
voh: MAX(V(Y) )=1.19988894463 FROM 2.4e-08 TO 9.6e-08
vol: MIN(V(Y) )=0.000112306479423 FROM 2.4e-08 TO 9.6e-08
