LTspice 26.0.2 for Windows
Circuit: ltspice\xor\cmos\EXP-XOR-CMOS-F200.cir
Start Time: Sun Aug  9 16:41:04 2026
solver = Normal
Maximum thread count: 4
tnom = 27
temp = 27
method = trap
Direct Newton iteration succeeded in finding operating point.
Total elapsed time: 1.981 seconds.

Files loaded:
ltspice\xor\cmos\EXP-XOR-CMOS-F200.cir
models\65nm_bulk.pm
ltspice\circuits.lib

pavg: AVG((-V(VDD)*I(VSUP)) )=3.47927709999e-06 FROM 1.5e-08 TO 6e-08
tplh=1.05799353492e-10 FROM 1.12599999996e-08 TO 1.13657993531e-08
tphl=8.17725709305e-11 FROM 1.37800000004e-08 TO 1.38617725713e-08
trise=2.26788145611e-10 FROM 1.12839267222e-08 TO 1.15107148678e-08
tfall=1.53064857198e-10 FROM 1.37997606371e-08 TO 1.39528254943e-08
voh: MAX(V(Y) )=1.19988274574 FROM 1.5e-08 TO 6e-08
vol: MIN(V(Y) )=0.000121539371321 FROM 1.5e-08 TO 6e-08
