LTspice 26.0.2 for Windows
Circuit: ltspice\xor\cmos\EXP-XOR-CMOS-VDD10.cir
Start Time: Sun Aug  9 16:40:24 2026
solver = Normal
Maximum thread count: 4
tnom = 27
temp = 27
method = trap
Direct Newton iteration succeeded in finding operating point.
Total elapsed time: 4.121 seconds.

Files loaded:
ltspice\xor\cmos\EXP-XOR-CMOS-VDD10.cir
models\65nm_bulk.pm
ltspice\circuits.lib

pavg: AVG((-V(VDD)*I(VSUP)) )=1.49649591628e-06 FROM 2.4e-08 TO 9.6e-08
tplh=1.30785928443e-10 FROM 1.801e-08 TO 1.81407859284e-08
tphl=9.48697331043e-11 FROM 2.203e-08 TO 2.21248697331e-08
trise=2.74688840241e-10 FROM 1.8039465964e-08 TO 1.83141548042e-08
tfall=1.72605529491e-10 FROM 2.20533554627e-08 TO 2.22259609922e-08
voh: MAX(V(Y) )=0.999923050404 FROM 2.4e-08 TO 9.6e-08
vol: MIN(V(Y) )=6.37260600342e-05 FROM 2.4e-08 TO 9.6e-08
