LTspice 26.0.2 for Windows
Circuit: ltspice\xor\cmos\EXP-XOR-CMOS-VDD08.cir
Start Time: Sun Aug  9 16:40:20 2026
solver = Normal
Maximum thread count: 4
tnom = 27
temp = 27
method = trap
Direct Newton iteration succeeded in finding operating point.
Total elapsed time: 3.401 seconds.

Files loaded:
ltspice\xor\cmos\EXP-XOR-CMOS-VDD08.cir
models\65nm_bulk.pm
ltspice\circuits.lib

pavg: AVG((-V(VDD)*I(VSUP)) )=9.469887951e-07 FROM 2.4e-08 TO 9.6e-08
tplh=1.84011854248e-10 FROM 1.80099999998e-08 TO 1.81940118541e-08
tphl=1.23304009895e-10 FROM 2.20300000001e-08 TO 2.215330401e-08
trise=3.76637531755e-10 FROM 1.80506909835e-08 TO 1.84273285153e-08
tfall=2.17029066077e-10 FROM 2.20607016308e-08 TO 2.22777306969e-08
voh: MAX(V(Y) )=0.799937129021 FROM 2.4e-08 TO 9.6e-08
vol: MIN(V(Y) )=4.38319621026e-05 FROM 2.4e-08 TO 9.6e-08
