LTspice 26.0.2 for Windows
Circuit: ltspice\xor\cmos\EXP-XOR-CMOS-F025.cir
Start Time: Sun Aug  9 16:40:50 2026
solver = Normal
Maximum thread count: 4
tnom = 27
temp = 27
method = trap
Direct Newton iteration succeeded in finding operating point.
Total elapsed time: 12.630 seconds.

Files loaded:
ltspice\xor\cmos\EXP-XOR-CMOS-F025.cir
models\65nm_bulk.pm
ltspice\circuits.lib

pavg: AVG((-V(VDD)*I(VSUP)) )=4.86815526411e-07 FROM 1.2e-07 TO 4.8e-07
tplh=1.06301355892e-10 FROM 9.00099999996e-08 TO 9.01163013555e-08
tphl=8.22645417746e-11 FROM 1.1003e-07 TO 1.10112264542e-07
trise=2.26788021941e-10 FROM 9.00344288039e-08 TO 9.02612168259e-08
tfall=1.53058389842e-10 FROM 1.10050258415e-07 TO 1.10203316805e-07
voh: MAX(V(Y) )=1.19989454746 FROM 1.2e-07 TO 4.8e-07
vol: MIN(V(Y) )=0.000106281382614 FROM 1.2e-07 TO 4.8e-07
