LTspice 26.0.2 for Windows
Circuit: ltspice\hamming-11-7\EXP-H117-FSGDI-NOM.cir
Start Time: Sun Aug  9 16:43:35 2026
solver = Normal
Maximum thread count: 4
tnom = 27
temp = 27
method = trap
Direct Newton iteration failed to find operating point.
Starting Gmin stepping
Gmin stepping succeeded in finding the operating point.

Total elapsed time: 4.664 seconds.

Files loaded:
ltspice\hamming-11-7\EXP-H117-FSGDI-NOM.cir
models\65nm_bulk.pm
ltspice\circuits.lib

pavg: AVG((-V(VDD)*I(VSUP)) )=5.02859698179e-07 FROM 3.2e-08 TO 1.28e-07
tplh=1.52858441437e-10 FROM 2.0099999996e-09 TO 2.16285844104e-09
tphl=1.25866914904e-10 FROM 6.0300000004e-09 TO 6.1558669153e-09
voh: MAX(V(P1N_4) )=1.20271229744 FROM 3.2e-08 TO 1.28e-07
vol: MIN(V(P1N_4) )=-0.0025660651736 FROM 3.2e-08 TO 1.28e-07
