LTspice 26.0.2 for Windows
Circuit: ltspice\hamming-11-7\EXP-H117-CMOS-TM20.cir
Start Time: Sun Aug  9 16:44:23 2026
solver = Normal
Maximum thread count: 4
tnom = 27
temp = -20
method = trap
Direct Newton iteration failed to find operating point.
Starting Gmin stepping
Gmin stepping succeeded in finding the operating point.

Total elapsed time: 7.001 seconds.

Files loaded:
ltspice\hamming-11-7\EXP-H117-CMOS-TM20.cir
models\65nm_bulk.pm
ltspice\circuits.lib

pavg: AVG((-V(VDD)*I(VSUP)) )=1.15782075616e-05 FROM 3.2e-08 TO 1.28e-07
tplh=1.26221004664e-10 FROM 2.0099999996e-09 TO 2.13622100427e-09
tphl=1.27857827792e-10 FROM 6.03000000002e-09 TO 6.15785782782e-09
voh: MAX(V(P1N_4) )=1.20712220669 FROM 3.2e-08 TO 1.28e-07
vol: MIN(V(P1N_4) )=-0.00296375504695 FROM 3.2e-08 TO 1.28e-07
