LTspice 26.0.2 for Windows
Circuit: ltspice\hamming-11-7\EXP-H117-CMOS-F025.cir
Start Time: Sun Aug  9 16:45:39 2026
solver = Normal
Maximum thread count: 4
tnom = 27
temp = 27
method = trap
Direct Newton iteration failed to find operating point.
Starting Gmin stepping
Gmin stepping succeeded in finding the operating point.

Total elapsed time: 19.298 seconds.

Files loaded:
ltspice\hamming-11-7\EXP-H117-CMOS-F025.cir
models\65nm_bulk.pm
ltspice\circuits.lib

pavg: AVG((-V(VDD)*I(VSUP)) )=3.0010452587e-06 FROM 1.6e-07 TO 6.4e-07
tplh=1.8440074693e-10 FROM 1.00099999996e-08 TO 1.01944007465e-08
tphl=1.45669976502e-10 FROM 3.00300000004e-08 TO 3.01756699769e-08
voh: MAX(V(P1N_4) )=1.20547497272 FROM 1.6e-07 TO 6.4e-07
vol: MIN(V(P1N_4) )=-0.00368706160225 FROM 1.6e-07 TO 6.4e-07
