LTspice 26.0.2 for Windows
Circuit: ltspice\hamming-11-7\EXP-H117-FSGDI-TM20.cir
Start Time: Sun Aug  9 16:44:34 2026
solver = Normal
Maximum thread count: 4
tnom = 27
temp = -20
method = trap
Direct Newton iteration failed to find operating point.
Starting Gmin stepping
Gmin stepping succeeded in finding the operating point.

Total elapsed time: 3.500 seconds.

Files loaded:
ltspice\hamming-11-7\EXP-H117-FSGDI-TM20.cir
models\65nm_bulk.pm
ltspice\circuits.lib

pavg: AVG((-V(VDD)*I(VSUP)) )=3.55419945498e-07 FROM 3.2e-08 TO 1.28e-07
tplh=1.04813875392e-10 FROM 2.0099999996e-09 TO 2.114813875e-09
tphl=1.01699264389e-10 FROM 6.0300000004e-09 TO 6.13169926479e-09
voh: MAX(V(P1N_4) )=1.20411670208 FROM 3.2e-08 TO 1.28e-07
vol: MIN(V(P1N_4) )=-0.00315844034776 FROM 3.2e-08 TO 1.28e-07
