LTspice 26.0.2 for Windows
Circuit: ltspice\hamming-11-7\EXP-H117-FSGDI-F025.cir
Start Time: Sun Aug  9 16:46:08 2026
solver = Normal
Maximum thread count: 4
tnom = 27
temp = 27
method = trap
Direct Newton iteration failed to find operating point.
Starting Gmin stepping
Gmin stepping succeeded in finding the operating point.

Total elapsed time: 16.145 seconds.

Files loaded:
ltspice\hamming-11-7\EXP-H117-FSGDI-F025.cir
models\65nm_bulk.pm
ltspice\circuits.lib

pavg: AVG((-V(VDD)*I(VSUP)) )=2.92321296645e-07 FROM 1.6e-07 TO 6.4e-07
tplh=1.52858441437e-10 FROM 1.00099999996e-08 TO 1.0162858441e-08
tphl=1.25866917615e-10 FROM 3.00300000004e-08 TO 3.0155866918e-08
voh: MAX(V(P1N_4) )=1.20271170139 FROM 1.6e-07 TO 6.4e-07
vol: MIN(V(P1N_4) )=-0.0025698998943 FROM 1.6e-07 TO 6.4e-07
