LTspice 26.0.2 for Windows
Circuit: ltspice\hamming-11-7\EXP-H117-CMOS-F200.cir
Start Time: Sun Aug  9 16:46:25 2026
solver = Normal
Maximum thread count: 4
tnom = 27
temp = 27
method = trap
Direct Newton iteration failed to find operating point.
Starting Gmin stepping
Gmin stepping succeeded in finding the operating point.

Total elapsed time: 4.724 seconds.

Files loaded:
ltspice\hamming-11-7\EXP-H117-CMOS-F200.cir
models\65nm_bulk.pm
ltspice\circuits.lib

pavg: AVG((-V(VDD)*I(VSUP)) )=1.89787146588e-05 FROM 2e-08 TO 8e-08
tplh=1.8440074693e-10 FROM 1.2599999996e-09 TO 1.44440074653e-09
tphl=1.43486037141e-10 FROM 3.7800000004e-09 TO 3.92348603754e-09
voh: MAX(V(P1N_4) )=1.20470321178 FROM 2e-08 TO 8e-08
vol: MIN(V(P1N_4) )=-0.00247694458812 FROM 2e-08 TO 8e-08
