LTspice 26.0.2 for Windows
Circuit: ltspice\hamming-11-7\EXP-H117-FSGDI-F200.cir
Start Time: Sun Aug  9 16:46:33 2026
solver = Normal
Maximum thread count: 4
tnom = 27
temp = 27
method = trap
Direct Newton iteration failed to find operating point.
Starting Gmin stepping
Gmin stepping succeeded in finding the operating point.

Total elapsed time: 2.162 seconds.

Files loaded:
ltspice\hamming-11-7\EXP-H117-FSGDI-F200.cir
models\65nm_bulk.pm
ltspice\circuits.lib

pavg: AVG((-V(VDD)*I(VSUP)) )=6.61813378183e-07 FROM 2e-08 TO 8e-08
tplh=1.52858441437e-10 FROM 1.2599999996e-09 TO 1.41285844104e-09
tphl=1.25867074162e-10 FROM 3.7800000004e-09 TO 3.90586707456e-09
voh: MAX(V(P1N_4) )=1.20271110535 FROM 2e-08 TO 8e-08
vol: MIN(V(P1N_4) )=-0.00206740363501 FROM 2e-08 TO 8e-08
