LTspice 26.0.2 for Windows
Circuit: ltspice\hamming-11-7\EXP-H117-CMOS-NOM.cir
Start Time: Sun Aug  9 16:43:24 2026
solver = Normal
Maximum thread count: 4
tnom = 27
temp = 27
method = trap
Direct Newton iteration failed to find operating point.
Starting Gmin stepping
Gmin stepping succeeded in finding the operating point.

Total elapsed time: 6.871 seconds.

Files loaded:
ltspice\hamming-11-7\EXP-H117-CMOS-NOM.cir
models\65nm_bulk.pm
ltspice\circuits.lib

pavg: AVG((-V(VDD)*I(VSUP)) )=1.20804766196e-05 FROM 3.2e-08 TO 1.28e-07
tplh=1.8440074693e-10 FROM 2.0099999996e-09 TO 2.19440074653e-09
tphl=1.43697205086e-10 FROM 6.0300000004e-09 TO 6.17369720548e-09
voh: MAX(V(P1N_4) )=1.20544409752 FROM 3.2e-08 TO 1.28e-07
vol: MIN(V(P1N_4) )=-0.0022561927326 FROM 3.2e-08 TO 1.28e-07
