LTspice 26.0.2 for Windows
Circuit: ltspice\hamming-11-7\EXP-H117-FSGDI-VDD08.cir
Start Time: Sun Aug  9 16:44:03 2026
solver = Normal
Maximum thread count: 4
tnom = 27
temp = 27
method = trap
Direct Newton iteration failed to find operating point.
Starting Gmin stepping
Gmin stepping succeeded in finding the operating point.

Total elapsed time: 2.901 seconds.

Files loaded:
ltspice\hamming-11-7\EXP-H117-FSGDI-VDD08.cir
models\65nm_bulk.pm
ltspice\circuits.lib

pavg: AVG((-V(VDD)*I(VSUP)) )=1.50409917414e-07 FROM 3.2e-08 TO 1.28e-07
tplh=3.11200032e-10 FROM 2.00999999985e-09 TO 2.32120003185e-09
tphl=2.17937196274e-10 FROM 6.03000000015e-09 TO 6.24793719642e-09
voh: MAX(V(P1N_4) )=0.803680062294 FROM 3.2e-08 TO 1.28e-07
vol: MIN(V(P1N_4) )=-0.00318530062214 FROM 3.2e-08 TO 1.28e-07
