LTspice 26.0.2 for Windows
Circuit: ltspice\hamming-11-7\EXP-H117-CMOS-L20.cir
Start Time: Sun Aug  9 16:45:23 2026
solver = Normal
Maximum thread count: 4
tnom = 27
temp = 27
method = trap
Direct Newton iteration failed to find operating point.
Starting Gmin stepping
Gmin stepping succeeded in finding the operating point.

Total elapsed time: 8.677 seconds.

Files loaded:
ltspice\hamming-11-7\EXP-H117-CMOS-L20.cir
models\65nm_bulk.pm
ltspice\circuits.lib

pavg: AVG((-V(VDD)*I(VSUP)) )=1.74758159499e-05 FROM 3.2e-08 TO 1.28e-07
tplh=2.75951447567e-10 FROM 2.0099999996e-09 TO 2.28595144717e-09
tphl=2.11429321776e-10 FROM 6.0300000004e-09 TO 6.24142932217e-09
voh: MAX(V(P1N_4) )=1.20295751095 FROM 3.2e-08 TO 1.28e-07
vol: MIN(V(P1N_4) )=-0.00120283779688 FROM 3.2e-08 TO 1.28e-07
