LTspice 26.0.2 for Windows
Circuit: ltspice\hamming-11-7\EXP-H117-CMOS-L01.cir
Start Time: Sun Aug  9 16:44:53 2026
solver = Normal
Maximum thread count: 4
tnom = 27
temp = 27
method = trap
Direct Newton iteration failed to find operating point.
Starting Gmin stepping
Gmin stepping succeeded in finding the operating point.

Total elapsed time: 6.095 seconds.

Files loaded:
ltspice\hamming-11-7\EXP-H117-CMOS-L01.cir
models\65nm_bulk.pm
ltspice\circuits.lib

pavg: AVG((-V(VDD)*I(VSUP)) )=7.30106403605e-06 FROM 3.2e-08 TO 1.28e-07
tplh=1.03442383635e-10 FROM 2.0099999996e-09 TO 2.11344238324e-09
tphl=8.20480562667e-11 FROM 6.0300000004e-09 TO 6.11204805666e-09
voh: MAX(V(P1N_4) )=1.21992754936 FROM 3.2e-08 TO 1.28e-07
vol: MIN(V(P1N_4) )=-0.00808257516474 FROM 3.2e-08 TO 1.28e-07
