LTspice 26.0.2 for Windows
Circuit: ltspice\hamming-11-7\EXP-H117-FSGDI-L01.cir
Start Time: Sun Aug  9 16:45:03 2026
solver = Normal
Maximum thread count: 4
tnom = 27
temp = 27
method = trap
Direct Newton iteration failed to find operating point.
Starting Gmin stepping
Gmin stepping succeeded in finding the operating point.

Total elapsed time: 3.252 seconds.

Files loaded:
ltspice\hamming-11-7\EXP-H117-FSGDI-L01.cir
models\65nm_bulk.pm
ltspice\circuits.lib

pavg: AVG((-V(VDD)*I(VSUP)) )=4.69397873176e-07 FROM 3.2e-08 TO 1.28e-07
tplh=4.29424633571e-11 FROM 2.0099999996e-09 TO 2.05294246296e-09
tphl=4.21749578897e-11 FROM 6.0300000004e-09 TO 6.07217495829e-09
voh: MAX(V(P1N_4) )=1.24020636082 FROM 3.2e-08 TO 1.28e-07
vol: MIN(V(P1N_4) )=-0.0245060827583 FROM 3.2e-08 TO 1.28e-07
