LTspice 26.0.2 for Windows
Circuit: ltspice\hamming-11-7\EXP-H117-FSGDI-L05.cir
Start Time: Sun Aug  9 16:45:19 2026
solver = Normal
Maximum thread count: 4
tnom = 27
temp = 27
method = trap
Direct Newton iteration failed to find operating point.
Starting Gmin stepping
Gmin stepping succeeded in finding the operating point.

Total elapsed time: 3.281 seconds.

Files loaded:
ltspice\hamming-11-7\EXP-H117-FSGDI-L05.cir
models\65nm_bulk.pm
ltspice\circuits.lib

pavg: AVG((-V(VDD)*I(VSUP)) )=5.00667784646e-07 FROM 3.2e-08 TO 1.28e-07
tplh=9.16361943598e-11 FROM 2.0099999996e-09 TO 2.10163619396e-09
tphl=7.95998591684e-11 FROM 6.0300000004e-09 TO 6.10959985957e-09
voh: MAX(V(P1N_4) )=1.20534467697 FROM 3.2e-08 TO 1.28e-07
vol: MIN(V(P1N_4) )=-0.00529310945421 FROM 3.2e-08 TO 1.28e-07
