LTspice 26.0.2 for Windows
Circuit: ltspice\hamming-11-7\EXP-H117-CMOS-L05.cir
Start Time: Sun Aug  9 16:45:07 2026
solver = Normal
Maximum thread count: 4
tnom = 27
temp = 27
method = trap
Direct Newton iteration failed to find operating point.
Starting Gmin stepping
Gmin stepping succeeded in finding the operating point.

Total elapsed time: 6.931 seconds.

Files loaded:
ltspice\hamming-11-7\EXP-H117-CMOS-L05.cir
models\65nm_bulk.pm
ltspice\circuits.lib

pavg: AVG((-V(VDD)*I(VSUP)) )=9.39521394548e-06 FROM 3.2e-08 TO 1.28e-07
tplh=1.38764616885e-10 FROM 2.0099999996e-09 TO 2.14876461649e-09
tphl=1.09984978415e-10 FROM 6.0300000004e-09 TO 6.13998497881e-09
voh: MAX(V(P1N_4) )=1.20917451382 FROM 3.2e-08 TO 1.28e-07
vol: MIN(V(P1N_4) )=-0.00379933090881 FROM 3.2e-08 TO 1.28e-07
