LTspice 26.0.2 for Windows
Circuit: ltspice\extended-hamming-12-7\EXP-EH127-HYBRID_B-NOM.cir
Start Time: Sun Aug  9 16:58:27 2026
solver = Normal
Maximum thread count: 4
tnom = 27
temp = 27
method = trap
Direct Newton iteration failed to find operating point.
Starting Gmin stepping
Gmin stepping succeeded in finding the operating point.

Total elapsed time: 6.889 seconds.

Files loaded:
ltspice\extended-hamming-12-7\EXP-EH127-HYBRID_B-NOM.cir
models\65nm_bulk.pm
ltspice\circuits.lib

pavg: AVG((-V(VDD)*I(VSUP)) )=1.12029206408e-05 FROM 3.2e-08 TO 1.28e-07
tplh=2.24755702875e-10 FROM 2.0099999996e-09 TO 2.23475570248e-09
tphl=2.06937039854e-10 FROM 6.0300000004e-09 TO 6.23693704025e-09
voh: MAX(V(P0) )=1.20272493362 FROM 3.2e-08 TO 1.28e-07
vol: MIN(V(P0) )=-0.00145443284418 FROM 3.2e-08 TO 1.28e-07
