LTspice 26.0.2 for Windows
Circuit: ltspice\extended-hamming-12-7\EXP-EH127-HYBRID_B-TM20.cir
Start Time: Sun Aug  9 17:01:14 2026
solver = Normal
Maximum thread count: 4
tnom = 27
temp = -20
method = trap
Direct Newton iteration failed to find operating point.
Starting Gmin stepping
Gmin stepping succeeded in finding the operating point.

Total elapsed time: 7.399 seconds.

Files loaded:
ltspice\extended-hamming-12-7\EXP-EH127-HYBRID_B-TM20.cir
models\65nm_bulk.pm
ltspice\circuits.lib

pavg: AVG((-V(VDD)*I(VSUP)) )=1.07304456357e-05 FROM 3.2e-08 TO 1.28e-07
tplh=1.52938899352e-10 FROM 2.0099999996e-09 TO 2.16293889895e-09
tphl=1.60496552404e-10 FROM 6.0300000004e-09 TO 6.1904965528e-09
voh: MAX(V(P0) )=1.20346689224 FROM 3.2e-08 TO 1.28e-07
vol: MIN(V(P0) )=-0.00172531593125 FROM 3.2e-08 TO 1.28e-07
