LTspice 26.0.2 for Windows
Circuit: ltspice\extended-hamming-12-7\EXP-EH127-CMOS-T85.cir
Start Time: Sun Aug  9 17:01:22 2026
solver = Normal
Maximum thread count: 4
tnom = 27
temp = 85
method = trap
Direct Newton iteration failed to find operating point.
Starting Gmin stepping
Gmin stepping succeeded in finding the operating point.

Total elapsed time: 15.171 seconds.

Files loaded:
ltspice\extended-hamming-12-7\EXP-EH127-CMOS-T85.cir
models\65nm_bulk.pm
ltspice\circuits.lib

pavg: AVG((-V(VDD)*I(VSUP)) )=3.0040767248e-05 FROM 3.2e-08 TO 1.28e-07
tplh=5.61195665681e-10 FROM 2.0099999996e-09 TO 2.57119566528e-09
tphl=4.00181905253e-10 FROM 6.0300000004e-09 TO 6.43018190565e-09
voh: MAX(V(P0N_10) )=1.20422780514 FROM 3.2e-08 TO 1.28e-07
vol: MIN(V(P0N_10) )=-0.00160669966135 FROM 3.2e-08 TO 1.28e-07
