LTspice 26.0.2 for Windows
Circuit: ltspice\extended-hamming-12-7\EXP-EH127-FSGDI-VDD10.cir
Start Time: Sun Aug  9 17:00:09 2026
solver = Normal
Maximum thread count: 4
tnom = 27
temp = 27
method = trap
Direct Newton iteration failed to find operating point.
Starting Gmin stepping
Gmin stepping succeeded in finding the operating point.

Total elapsed time: 6.288 seconds.

Files loaded:
ltspice\extended-hamming-12-7\EXP-EH127-FSGDI-VDD10.cir
models\65nm_bulk.pm
ltspice\circuits.lib

pavg: AVG((-V(VDD)*I(VSUP)) )=1.1965056395e-06 FROM 3.2e-08 TO 1.28e-07
tplh=6.60796529848e-10 FROM 2.01e-09 TO 2.67079652985e-09
tphl=4.57559674828e-10 FROM 6.03e-09 TO 6.48755967483e-09
voh: MAX(V(P0N_10) )=1.00635778904 FROM 3.2e-08 TO 1.28e-07
vol: MIN(V(P0N_10) )=-0.00468017486855 FROM 3.2e-08 TO 1.28e-07
