LTspice 26.0.2 for Windows
Circuit: ltspice\extended-hamming-12-7\EXP-EH127-FSGDI-L01.cir
Start Time: Sun Aug  9 17:02:18 2026
solver = Normal
Maximum thread count: 4
tnom = 27
temp = 27
method = trap
Direct Newton iteration failed to find operating point.
Starting Gmin stepping
Gmin stepping succeeded in finding the operating point.

Total elapsed time: 6.592 seconds.

Files loaded:
ltspice\extended-hamming-12-7\EXP-EH127-FSGDI-L01.cir
models\65nm_bulk.pm
ltspice\circuits.lib

pavg: AVG((-V(VDD)*I(VSUP)) )=1.49401363785e-06 FROM 3.2e-08 TO 1.28e-07
tplh=1.6582377397e-10 FROM 2.0099999996e-09 TO 2.17582377357e-09
tphl=1.41303726357e-10 FROM 6.0300000004e-09 TO 6.17130372675e-09
voh: MAX(V(P0N_10) )=1.22809934616 FROM 3.2e-08 TO 1.28e-07
vol: MIN(V(P0N_10) )=-0.0407193601131 FROM 3.2e-08 TO 1.28e-07
