LTspice 26.0.2 for Windows
Circuit: ltspice\extended-hamming-12-7\EXP-EH127-CMOS-NOM.cir
Start Time: Sun Aug  9 16:57:54 2026
solver = Normal
Maximum thread count: 4
tnom = 27
temp = 27
method = trap
Direct Newton iteration failed to find operating point.
Starting Gmin stepping
Gmin stepping succeeded in finding the operating point.

Total elapsed time: 13.317 seconds.

Files loaded:
ltspice\extended-hamming-12-7\EXP-EH127-CMOS-NOM.cir
models\65nm_bulk.pm
ltspice\circuits.lib

pavg: AVG((-V(VDD)*I(VSUP)) )=2.70237088733e-05 FROM 3.2e-08 TO 1.28e-07
tplh=3.7352576529e-10 FROM 2.0099999996e-09 TO 2.38352576489e-09
tphl=3.16368210469e-10 FROM 6.0300000004e-09 TO 6.34636821087e-09
voh: MAX(V(P0N_10) )=1.20448255539 FROM 3.2e-08 TO 1.28e-07
vol: MIN(V(P0N_10) )=-0.00193992455024 FROM 3.2e-08 TO 1.28e-07
