LTspice 26.0.2 for Windows
Circuit: ltspice\extended-hamming-12-7\EXP-EH127-HYBRID_A-L20.cir
Start Time: Sun Aug  9 17:03:52 2026
solver = Normal
Maximum thread count: 4
tnom = 27
temp = 27
method = trap
Direct Newton iteration failed to find operating point.
Starting Gmin stepping
Gmin stepping succeeded in finding the operating point.

Total elapsed time: 15.475 seconds.

Files loaded:
ltspice\extended-hamming-12-7\EXP-EH127-HYBRID_A-L20.cir
models\65nm_bulk.pm
ltspice\circuits.lib

pavg: AVG((-V(VDD)*I(VSUP)) )=3.6661170287e-05 FROM 3.2e-08 TO 1.28e-07
tplh=4.23516269549e-10 FROM 2.0099999996e-09 TO 2.43351626915e-09
tphl=3.48847202728e-10 FROM 6.0300000004e-09 TO 6.37884720313e-09
voh: MAX(V(P0N_10) )=1.20092797279 FROM 3.2e-08 TO 1.28e-07
vol: MIN(V(P0N_10) )=-0.000702468329109 FROM 3.2e-08 TO 1.28e-07
