LTspice 26.0.2 for Windows
Circuit: ltspice\extended-hamming-12-7\EXP-EH127-HYBRID_B-L20.cir
Start Time: Sun Aug  9 17:04:08 2026
solver = Normal
Maximum thread count: 4
tnom = 27
temp = 27
method = trap
Direct Newton iteration failed to find operating point.
Starting Gmin stepping
Gmin stepping succeeded in finding the operating point.

Total elapsed time: 6.569 seconds.

Files loaded:
ltspice\extended-hamming-12-7\EXP-EH127-HYBRID_B-L20.cir
models\65nm_bulk.pm
ltspice\circuits.lib

pavg: AVG((-V(VDD)*I(VSUP)) )=1.88631065815e-05 FROM 3.2e-08 TO 1.28e-07
tplh=2.70943691924e-10 FROM 2.0099999996e-09 TO 2.28094369153e-09
tphl=2.49655828492e-10 FROM 6.0300000004e-09 TO 6.27965582889e-09
voh: MAX(V(P0) )=1.20155727863 FROM 3.2e-08 TO 1.28e-07
vol: MIN(V(P0) )=-0.000751659914386 FROM 3.2e-08 TO 1.28e-07
