LTspice 26.0.2 for Windows
Circuit: ltspice\extended-hamming-12-7\EXP-EH127-CMOS-L05.cir
Start Time: Sun Aug  9 17:02:49 2026
solver = Normal
Maximum thread count: 4
tnom = 27
temp = 27
method = trap
Direct Newton iteration failed to find operating point.
Starting Gmin stepping
Gmin stepping succeeded in finding the operating point.

Total elapsed time: 14.318 seconds.

Files loaded:
ltspice\extended-hamming-12-7\EXP-EH127-CMOS-L05.cir
models\65nm_bulk.pm
ltspice\circuits.lib

pavg: AVG((-V(VDD)*I(VSUP)) )=2.09418356508e-05 FROM 3.2e-08 TO 1.28e-07
tplh=2.77505876702e-10 FROM 2.0099999996e-09 TO 2.2875058763e-09
tphl=2.26126100374e-10 FROM 6.0300000004e-09 TO 6.25612610077e-09
voh: MAX(V(P0N_10) )=1.20715177059 FROM 3.2e-08 TO 1.28e-07
vol: MIN(V(P0N_10) )=-0.00460966071114 FROM 3.2e-08 TO 1.28e-07
