LTspice 26.0.2 for Windows
Circuit: ltspice\extended-hamming-12-7\EXP-EH127-HYBRID_A-TM20.cir
Start Time: Sun Aug  9 17:01:01 2026
solver = Normal
Maximum thread count: 4
tnom = 27
temp = -20
method = trap
Direct Newton iteration failed to find operating point.
Starting Gmin stepping
Gmin stepping succeeded in finding the operating point.

Total elapsed time: 11.996 seconds.

Files loaded:
ltspice\extended-hamming-12-7\EXP-EH127-HYBRID_A-TM20.cir
models\65nm_bulk.pm
ltspice\circuits.lib

pavg: AVG((-V(VDD)*I(VSUP)) )=2.43159075316e-05 FROM 3.2e-08 TO 1.28e-07
tplh=2.10324013295e-10 FROM 2.0099999996e-09 TO 2.2203240129e-09
tphl=2.18577476362e-10 FROM 6.0300000004e-09 TO 6.24857747676e-09
voh: MAX(V(P0N_10) )=1.20400130749 FROM 3.2e-08 TO 1.28e-07
vol: MIN(V(P0N_10) )=-0.00114463386126 FROM 3.2e-08 TO 1.28e-07
