LTspice 26.0.2 for Windows
Circuit: ltspice\extended-hamming-12-7\EXP-EH127-FSGDI-NOM.cir
Start Time: Sun Aug  9 16:58:09 2026
solver = Normal
Maximum thread count: 4
tnom = 27
temp = 27
method = trap
Direct Newton iteration failed to find operating point.
Starting Gmin stepping
Gmin stepping succeeded in finding the operating point.

Total elapsed time: 6.055 seconds.

Files loaded:
ltspice\extended-hamming-12-7\EXP-EH127-FSGDI-NOM.cir
models\65nm_bulk.pm
ltspice\circuits.lib

pavg: AVG((-V(VDD)*I(VSUP)) )=2.55015272972e-06 FROM 3.2e-08 TO 1.28e-07
tplh=4.92702140456e-10 FROM 2.0099999996e-09 TO 2.50270214006e-09
tphl=3.65421980941e-10 FROM 6.0300000004e-09 TO 6.39542198134e-09
voh: MAX(V(P0N_10) )=1.20748758316 FROM 3.2e-08 TO 1.28e-07
vol: MIN(V(P0N_10) )=-0.00599587708712 FROM 3.2e-08 TO 1.28e-07
