LTspice 26.0.2 for Windows
Circuit: ltspice\extended-hamming-12-7\EXP-EH127-HYBRID_A-F025.cir
Start Time: Sun Aug  9 17:05:19 2026
solver = Normal
Maximum thread count: 4
tnom = 27
temp = 27
method = trap
Direct Newton iteration failed to find operating point.
Starting Gmin stepping
Gmin stepping succeeded in finding the operating point.

Total elapsed time: 38.049 seconds.

Files loaded:
ltspice\extended-hamming-12-7\EXP-EH127-HYBRID_A-F025.cir
models\65nm_bulk.pm
ltspice\circuits.lib

pavg: AVG((-V(VDD)*I(VSUP)) )=6.39723309593e-06 FROM 1.6e-07 TO 6.4e-07
tplh=2.95178489916e-10 FROM 1.00099999996e-08 TO 1.03051784895e-08
tphl=2.62388324223e-10 FROM 3.00300000004e-08 TO 3.02923883246e-08
voh: MAX(V(P0N_10) )=1.20271003246 FROM 1.6e-07 TO 6.4e-07
vol: MIN(V(P0N_10) )=-0.00122792308684 FROM 1.6e-07 TO 6.4e-07
