LTspice 26.0.2 for Windows
Circuit: ltspice\extended-hamming-12-7\EXP-EH127-CMOS-VDD10.cir
Start Time: Sun Aug  9 16:59:55 2026
solver = Normal
Maximum thread count: 4
tnom = 27
temp = 27
method = trap
Direct Newton iteration failed to find operating point.
Starting Gmin stepping
Gmin stepping succeeded in finding the operating point.

Total elapsed time: 13.710 seconds.

Files loaded:
ltspice\extended-hamming-12-7\EXP-EH127-CMOS-VDD10.cir
models\65nm_bulk.pm
ltspice\circuits.lib

pavg: AVG((-V(VDD)*I(VSUP)) )=1.67048615727e-05 FROM 3.2e-08 TO 1.28e-07
tplh=4.68687657021e-10 FROM 2.01e-09 TO 2.47868765702e-09
tphl=3.73010540925e-10 FROM 6.03e-09 TO 6.40301054093e-09
voh: MAX(V(P0N_10) )=1.00519633293 FROM 3.2e-08 TO 1.28e-07
vol: MIN(V(P0N_10) )=-0.00287291966379 FROM 3.2e-08 TO 1.28e-07
