LTspice 26.0.2 for Windows
Circuit: ltspice\extended-hamming-12-7\EXP-EH127-CMOS-VDD08.cir
Start Time: Sun Aug  9 16:59:13 2026
solver = Normal
Maximum thread count: 4
tnom = 27
temp = 27
method = trap
Direct Newton iteration failed to find operating point.
Starting Gmin stepping
Gmin stepping succeeded in finding the operating point.

Total elapsed time: 15.149 seconds.

Files loaded:
ltspice\extended-hamming-12-7\EXP-EH127-CMOS-VDD08.cir
models\65nm_bulk.pm
ltspice\circuits.lib

pavg: AVG((-V(VDD)*I(VSUP)) )=9.6288805245e-06 FROM 3.2e-08 TO 1.28e-07
tplh=6.79998876263e-10 FROM 2.00999999985e-09 TO 2.68999887611e-09
tphl=4.91078693941e-10 FROM 6.03000000015e-09 TO 6.52107869409e-09
voh: MAX(V(P0N_10) )=0.805403769016 FROM 3.2e-08 TO 1.28e-07
vol: MIN(V(P0N_10) )=-0.00322200497612 FROM 3.2e-08 TO 1.28e-07
