LTspice 26.0.2 for Windows
Circuit: ltspice\extended-hamming-12-7\EXP-EH127-HYBRID_B-T85.cir
Start Time: Sun Aug  9 17:01:56 2026
solver = Normal
Maximum thread count: 4
tnom = 27
temp = 85
method = trap
Direct Newton iteration failed to find operating point.
Starting Gmin stepping
Gmin stepping succeeded in finding the operating point.

Total elapsed time: 7.243 seconds.

Files loaded:
ltspice\extended-hamming-12-7\EXP-EH127-HYBRID_B-T85.cir
models\65nm_bulk.pm
ltspice\circuits.lib

pavg: AVG((-V(VDD)*I(VSUP)) )=1.21291570522e-05 FROM 3.2e-08 TO 1.28e-07
tplh=3.35954662762e-10 FROM 2.0099999996e-09 TO 2.34595466236e-09
tphl=2.76856894657e-10 FROM 6.0300000004e-09 TO 6.30685689505e-09
voh: MAX(V(P0) )=1.20246708393 FROM 3.2e-08 TO 1.28e-07
vol: MIN(V(P0) )=-0.00134509638883 FROM 3.2e-08 TO 1.28e-07
