LTspice 26.0.2 for Windows
Circuit: ltspice\extended-hamming-12-7\EXP-EH127-HYBRID_A-VDD10.cir
Start Time: Sun Aug  9 17:00:17 2026
solver = Normal
Maximum thread count: 4
tnom = 27
temp = 27
method = trap
Direct Newton iteration failed to find operating point.
Starting Gmin stepping
Gmin stepping succeeded in finding the operating point.

Total elapsed time: 10.203 seconds.

Files loaded:
ltspice\extended-hamming-12-7\EXP-EH127-HYBRID_A-VDD10.cir
models\65nm_bulk.pm
ltspice\circuits.lib

pavg: AVG((-V(VDD)*I(VSUP)) )=1.61761335199e-05 FROM 3.2e-08 TO 1.28e-07
tplh=3.63967093236e-10 FROM 2.01e-09 TO 2.37396709324e-09
tphl=3.15730619464e-10 FROM 6.03e-09 TO 6.34573061946e-09
voh: MAX(V(P0N_10) )=1.00335872173 FROM 3.2e-08 TO 1.28e-07
vol: MIN(V(P0N_10) )=-0.00160726706963 FROM 3.2e-08 TO 1.28e-07
