LTspice 26.0.2 for Windows
Circuit: ltspice\extended-hamming-12-7\EXP-EH127-HYBRID_A-T85.cir
Start Time: Sun Aug  9 17:01:45 2026
solver = Normal
Maximum thread count: 4
tnom = 27
temp = 85
method = trap
Direct Newton iteration failed to find operating point.
Starting Gmin stepping
Gmin stepping succeeded in finding the operating point.

Total elapsed time: 10.448 seconds.

Files loaded:
ltspice\extended-hamming-12-7\EXP-EH127-HYBRID_A-T85.cir
models\65nm_bulk.pm
ltspice\circuits.lib

pavg: AVG((-V(VDD)*I(VSUP)) )=2.79580758259e-05 FROM 3.2e-08 TO 1.28e-07
tplh=4.1907303296e-10 FROM 2.0099999996e-09 TO 2.42907303256e-09
tphl=3.36487271987e-10 FROM 6.0300000004e-09 TO 6.36648727238e-09
voh: MAX(V(P0N_10) )=1.20289862156 FROM 3.2e-08 TO 1.28e-07
vol: MIN(V(P0N_10) )=-0.00120099168271 FROM 3.2e-08 TO 1.28e-07
