LTspice 26.0.2 for Windows
Circuit: ltspice\extended-hamming-12-7\EXP-EH127-FSGDI-TM20.cir
Start Time: Sun Aug  9 17:00:54 2026
solver = Normal
Maximum thread count: 4
tnom = 27
temp = -20
method = trap
Direct Newton iteration failed to find operating point.
Starting Gmin stepping
Gmin stepping succeeded in finding the operating point.

Total elapsed time: 6.271 seconds.

Files loaded:
ltspice\extended-hamming-12-7\EXP-EH127-FSGDI-TM20.cir
models\65nm_bulk.pm
ltspice\circuits.lib

pavg: AVG((-V(VDD)*I(VSUP)) )=2.04789156108e-06 FROM 3.2e-08 TO 1.28e-07
tplh=3.1630983233e-10 FROM 2.0099999996e-09 TO 2.32630983193e-09
tphl=2.75721687503e-10 FROM 6.0300000004e-09 TO 6.3057216879e-09
voh: MAX(V(P0N_10) )=1.20831155777 FROM 3.2e-08 TO 1.28e-07
vol: MIN(V(P0N_10) )=-0.00603401148692 FROM 3.2e-08 TO 1.28e-07
