LTspice 26.0.2 for Windows
Circuit: ltspice\extended-hamming-12-7\EXP-EH127-CMOS-F200.cir
Start Time: Sun Aug  9 17:06:21 2026
solver = Normal
Maximum thread count: 4
tnom = 27
temp = 27
method = trap
Direct Newton iteration failed to find operating point.
Starting Gmin stepping
Gmin stepping succeeded in finding the operating point.

Total elapsed time: 10.849 seconds.

Files loaded:
ltspice\extended-hamming-12-7\EXP-EH127-CMOS-F200.cir
models\65nm_bulk.pm
ltspice\circuits.lib

pavg: AVG((-V(VDD)*I(VSUP)) )=4.24514872218e-05 FROM 2e-08 TO 8e-08
tplh=3.7352576529e-10 FROM 1.2599999996e-09 TO 1.63352576489e-09
tphl=3.17679608867e-10 FROM 3.7800000004e-09 TO 4.09767960926e-09
voh: MAX(V(P0N_10) )=1.20445561409 FROM 2e-08 TO 8e-08
vol: MIN(V(P0N_10) )=-0.00195210718084 FROM 2e-08 TO 8e-08
