LTspice 26.0.2 for Windows
Circuit: ltspice\extended-hamming-12-7\EXP-EH127-FSGDI-F025.cir
Start Time: Sun Aug  9 17:04:57 2026
solver = Normal
Maximum thread count: 4
tnom = 27
temp = 27
method = trap
Direct Newton iteration failed to find operating point.
Starting Gmin stepping
Gmin stepping succeeded in finding the operating point.

Total elapsed time: 20.444 seconds.

Files loaded:
ltspice\extended-hamming-12-7\EXP-EH127-FSGDI-F025.cir
models\65nm_bulk.pm
ltspice\circuits.lib

pavg: AVG((-V(VDD)*I(VSUP)) )=8.59038657389e-07 FROM 1.6e-07 TO 6.4e-07
tplh=4.92702140456e-10 FROM 1.00099999996e-08 TO 1.05027021401e-08
tphl=3.65464262136e-10 FROM 3.00300000004e-08 TO 3.03954642625e-08
voh: MAX(V(P0N_10) )=1.20751368999 FROM 1.6e-07 TO 6.4e-07
vol: MIN(V(P0N_10) )=-0.00560916075483 FROM 1.6e-07 TO 6.4e-07
