LTspice 26.0.2 for Windows
Circuit: ltspice\extended-hamming-12-7\EXP-EH127-CMOS-VDD06.cir
Start Time: Sun Aug  9 16:58:35 2026
solver = Normal
Maximum thread count: 4
tnom = 27
temp = 27
method = trap
Direct Newton iteration failed to find operating point.
Starting Gmin stepping
Gmin stepping succeeded in finding the operating point.

Total elapsed time: 12.890 seconds.

Files loaded:
ltspice\extended-hamming-12-7\EXP-EH127-CMOS-VDD06.cir
models\65nm_bulk.pm
ltspice\circuits.lib

pavg: AVG((-V(VDD)*I(VSUP)) )=5.15743738772e-06 FROM 3.2e-08 TO 1.28e-07
tplh=1.42371523085e-09 FROM 2.0099999996e-09 TO 3.43371523045e-09
tphl=9.71254092061e-10 FROM 6.0300000004e-09 TO 7.00125409246e-09
voh: MAX(V(P0N_10) )=0.604710400105 FROM 3.2e-08 TO 1.28e-07
vol: MIN(V(P0N_10) )=-0.00321291340515 FROM 3.2e-08 TO 1.28e-07
