LTspice 26.0.2 for Windows
Circuit: ltspice\extended-hamming-12-7\EXP-EH127-HYBRID_B-VDD10.cir
Start Time: Sun Aug  9 17:00:28 2026
solver = Normal
Maximum thread count: 4
tnom = 27
temp = 27
method = trap
Direct Newton iteration failed to find operating point.
Starting Gmin stepping
Gmin stepping succeeded in finding the operating point.

Total elapsed time: 7.320 seconds.

Files loaded:
ltspice\extended-hamming-12-7\EXP-EH127-HYBRID_B-VDD10.cir
models\65nm_bulk.pm
ltspice\circuits.lib

pavg: AVG((-V(VDD)*I(VSUP)) )=7.30920461137e-06 FROM 3.2e-08 TO 1.28e-07
tplh=2.94449736871e-10 FROM 2.01e-09 TO 2.30444973687e-09
tphl=2.55716156655e-10 FROM 6.03e-09 TO 6.28571615665e-09
voh: MAX(V(P0) )=1.00334644318 FROM 3.2e-08 TO 1.28e-07
vol: MIN(V(P0) )=-0.0017464911798 FROM 3.2e-08 TO 1.28e-07
