LTspice 26.0.2 for Windows
Circuit: ltspice\extended-hamming-12-7\EXP-EH127-HYBRID_B-F200.cir
Start Time: Sun Aug  9 17:06:48 2026
solver = Normal
Maximum thread count: 4
tnom = 27
temp = 27
method = trap
Direct Newton iteration failed to find operating point.
Starting Gmin stepping
Gmin stepping succeeded in finding the operating point.

Total elapsed time: 5.465 seconds.

Files loaded:
ltspice\extended-hamming-12-7\EXP-EH127-HYBRID_B-F200.cir
models\65nm_bulk.pm
ltspice\circuits.lib

pavg: AVG((-V(VDD)*I(VSUP)) )=1.76267269711e-05 FROM 2e-08 TO 8e-08
tplh=2.24755702875e-10 FROM 1.2599999996e-09 TO 1.48475570248e-09
tphl=2.06960212373e-10 FROM 3.7800000004e-09 TO 3.98696021277e-09
voh: MAX(V(P0) )=1.20281815529 FROM 2e-08 TO 8e-08
vol: MIN(V(P0) )=-0.00128919945564 FROM 2e-08 TO 8e-08
