LTspice 26.0.2 for Windows
Circuit: ltspice\extended-hamming-12-7\EXP-EH127-HYBRID_B-F025.cir
Start Time: Sun Aug  9 17:05:58 2026
solver = Normal
Maximum thread count: 4
tnom = 27
temp = 27
method = trap
Direct Newton iteration failed to find operating point.
Starting Gmin stepping
Gmin stepping succeeded in finding the operating point.

Total elapsed time: 22.776 seconds.

Files loaded:
ltspice\extended-hamming-12-7\EXP-EH127-HYBRID_B-F025.cir
models\65nm_bulk.pm
ltspice\circuits.lib

pavg: AVG((-V(VDD)*I(VSUP)) )=2.73259184231e-06 FROM 1.6e-07 TO 6.4e-07
tplh=2.24755702875e-10 FROM 1.00099999996e-08 TO 1.02347557025e-08
tphl=2.06940516153e-10 FROM 3.00300000004e-08 TO 3.02369405165e-08
voh: MAX(V(P0) )=1.2028182745 FROM 1.6e-07 TO 6.4e-07
vol: MIN(V(P0) )=-0.00145584077109 FROM 1.6e-07 TO 6.4e-07
