LTspice 26.0.2 for Windows
Circuit: ltspice\extended-hamming-12-7\EXP-EH127-CMOS-TM20.cir
Start Time: Sun Aug  9 17:00:36 2026
solver = Normal
Maximum thread count: 4
tnom = 27
temp = -20
method = trap
Direct Newton iteration failed to find operating point.
Starting Gmin stepping
Gmin stepping succeeded in finding the operating point.

Total elapsed time: 16.828 seconds.

Files loaded:
ltspice\extended-hamming-12-7\EXP-EH127-CMOS-TM20.cir
models\65nm_bulk.pm
ltspice\circuits.lib

pavg: AVG((-V(VDD)*I(VSUP)) )=2.5533533234e-05 FROM 3.2e-08 TO 1.28e-07
tplh=2.58155609499e-10 FROM 2.0099999996e-09 TO 2.2681556091e-09
tphl=2.72321928262e-10 FROM 6.03000000002e-09 TO 6.30232192829e-09
voh: MAX(V(P0N_10) )=1.20682108402 FROM 3.2e-08 TO 1.28e-07
vol: MIN(V(P0N_10) )=-0.00364322494715 FROM 3.2e-08 TO 1.28e-07
