LTspice 26.0.2 for Windows
Circuit: ltspice\extended-hamming-12-7\EXP-EH127-HYBRID_A-NOM.cir
Start Time: Sun Aug  9 16:58:15 2026
solver = Normal
Maximum thread count: 4
tnom = 27
temp = 27
method = trap
Direct Newton iteration failed to find operating point.
Starting Gmin stepping
Gmin stepping succeeded in finding the operating point.

Total elapsed time: 10.528 seconds.

Files loaded:
ltspice\extended-hamming-12-7\EXP-EH127-HYBRID_A-NOM.cir
models\65nm_bulk.pm
ltspice\circuits.lib

pavg: AVG((-V(VDD)*I(VSUP)) )=2.58367460822e-05 FROM 3.2e-08 TO 1.28e-07
tplh=2.95178489916e-10 FROM 2.0099999996e-09 TO 2.30517848952e-09
tphl=2.62388332395e-10 FROM 6.0300000004e-09 TO 6.29238833279e-09
voh: MAX(V(P0N_10) )=1.20271015167 FROM 3.2e-08 TO 1.28e-07
vol: MIN(V(P0N_10) )=-0.00122912006918 FROM 3.2e-08 TO 1.28e-07
