LTspice 26.0.2 for Windows
Circuit: ltspice\extended-hamming-12-7\EXP-EH127-CMOS-F025.cir
Start Time: Sun Aug  9 17:04:16 2026
solver = Normal
Maximum thread count: 4
tnom = 27
temp = 27
method = trap
Direct Newton iteration failed to find operating point.
Starting Gmin stepping
Gmin stepping succeeded in finding the operating point.

Total elapsed time: 40.973 seconds.

Files loaded:
ltspice\extended-hamming-12-7\EXP-EH127-CMOS-F025.cir
models\65nm_bulk.pm
ltspice\circuits.lib

pavg: AVG((-V(VDD)*I(VSUP)) )=6.49981561634e-06 FROM 1.6e-07 TO 6.4e-07
tplh=3.7352576529e-10 FROM 1.00099999996e-08 TO 1.03835257649e-08
tphl=3.04465955573e-10 FROM 3.00300000004e-08 TO 3.0334465956e-08
voh: MAX(V(P0N_10) )=1.20447635651 FROM 1.6e-07 TO 6.4e-07
vol: MIN(V(P0N_10) )=-0.00209638033994 FROM 1.6e-07 TO 6.4e-07
