LTspice 26.0.2 for Windows
Circuit: ltspice\extended-hamming-12-7\EXP-EH127-FSGDI-VDD08.cir
Start Time: Sun Aug  9 16:59:29 2026
solver = Normal
Maximum thread count: 4
tnom = 27
temp = 27
method = trap
Direct Newton iteration failed to find operating point.
Starting Gmin stepping
Gmin stepping succeeded in finding the operating point.

Total elapsed time: 6.040 seconds.

Files loaded:
ltspice\extended-hamming-12-7\EXP-EH127-FSGDI-VDD08.cir
models\65nm_bulk.pm
ltspice\circuits.lib

pavg: AVG((-V(VDD)*I(VSUP)) )=5.05688695086e-07 FROM 3.2e-08 TO 1.28e-07
tplh=1.05472348878e-09 FROM 2.00999999985e-09 TO 3.06472348863e-09
tphl=6.62608788416e-10 FROM 6.03000000015e-09 TO 6.69260878856e-09
voh: MAX(V(P0N_10) )=0.804749369621 FROM 3.2e-08 TO 1.28e-07
vol: MIN(V(P0N_10) )=-0.00491153262556 FROM 3.2e-08 TO 1.28e-07
