LTspice 26.0.2 for Windows
Circuit: ltspice\extended-hamming-12-7\EXP-EH127-FSGDI-L20.cir
Start Time: Sun Aug  9 17:03:44 2026
solver = Normal
Maximum thread count: 4
tnom = 27
temp = 27
method = trap
Direct Newton iteration failed to find operating point.
Starting Gmin stepping
Gmin stepping succeeded in finding the operating point.

Total elapsed time: 7.519 seconds.

Files loaded:
ltspice\extended-hamming-12-7\EXP-EH127-FSGDI-L20.cir
models\65nm_bulk.pm
ltspice\circuits.lib

pavg: AVG((-V(VDD)*I(VSUP)) )=3.83847141333e-06 FROM 3.2e-08 TO 1.28e-07
tplh=8.53101560683e-10 FROM 2.0099999996e-09 TO 2.86310156029e-09
tphl=6.51171917232e-10 FROM 6.0300000004e-09 TO 6.68117191763e-09
voh: MAX(V(P0N_10) )=1.20151758194 FROM 3.2e-08 TO 1.28e-07
vol: MIN(V(P0N_10) )=-0.00135861197487 FROM 3.2e-08 TO 1.28e-07
