LTspice 26.0.2 for Windows
Circuit: ltspice\extended-hamming-12-7\EXP-EH127-HYBRID_A-VDD08.cir
Start Time: Sun Aug  9 16:59:36 2026
solver = Normal
Maximum thread count: 4
tnom = 27
temp = 27
method = trap
Direct Newton iteration failed to find operating point.
Starting Gmin stepping
Gmin stepping succeeded in finding the operating point.

Total elapsed time: 10.176 seconds.

Files loaded:
ltspice\extended-hamming-12-7\EXP-EH127-HYBRID_A-VDD08.cir
models\65nm_bulk.pm
ltspice\circuits.lib

pavg: AVG((-V(VDD)*I(VSUP)) )=9.52863052138e-06 FROM 3.2e-08 TO 1.28e-07
tplh=5.1205547245e-10 FROM 2.00999999985e-09 TO 2.5220554723e-09
tphl=4.16188186501e-10 FROM 6.03000000015e-09 TO 6.44618818665e-09
voh: MAX(V(P0N_10) )=0.804026007652 FROM 3.2e-08 TO 1.28e-07
vol: MIN(V(P0N_10) )=-0.00242192554288 FROM 3.2e-08 TO 1.28e-07
