LTspice 26.0.2 for Windows
Circuit: ltspice\extended-hamming-12-7\EXP-EH127-HYBRID_B-L01.cir
Start Time: Sun Aug  9 17:02:37 2026
solver = Normal
Maximum thread count: 4
tnom = 27
temp = 27
method = trap
Direct Newton iteration failed to find operating point.
Starting Gmin stepping
Gmin stepping succeeded in finding the operating point.

Total elapsed time: 10.460 seconds.

Files loaded:
ltspice\extended-hamming-12-7\EXP-EH127-HYBRID_B-L01.cir
models\65nm_bulk.pm
ltspice\circuits.lib

pavg: AVG((-V(VDD)*I(VSUP)) )=4.26627128605e-06 FROM 3.2e-08 TO 1.28e-07
tplh=1.7915146432e-10 FROM 2.0099999996e-09 TO 2.18915146392e-09
tphl=1.6338159664e-10 FROM 6.0300000004e-09 TO 6.19338159704e-09
voh: MAX(V(P0) )=1.27177143097 FROM 3.2e-08 TO 1.28e-07
vol: MIN(V(P0) )=-0.0944315493107 FROM 3.2e-08 TO 1.28e-07
